C:\Users\ASUS\Desktop\Momogie\cekok\backend\src\Cekok.Api\Services\DeployService.cs(76,49): error CS1061: 'DeployTarget' does not contain a definition for 'Status' and no accessible extension method 'Status' accepting a first argument of type 'DeployTarget' could be found (are you missing a using directive or an assembly reference?) [C:\Users\ASUS\Desktop\Momogie\cekok\backend\src\Cekok.Api\Cekok.Api.csproj]
C:\Users\ASUS\Desktop\Momogie\cekok\backend\src\Cekok.Api\Services\DeployService.cs(132,20): error CS1061: 'DeployTarget' does not contain a definition for 'Status' and no accessible extension method 'Status' accepting a first argument of type 'DeployTarget' could be found (are you missing a using directive or an assembly reference?) [C:\Users\ASUS\Desktop\Momogie\cekok\backend\src\Cekok.Api\Cekok.Api.csproj]
C:\Users\ASUS\Desktop\Momogie\cekok\backend\src\Cekok.Api\Services\DeployService.cs(155,20): error CS1061: 'DeployTarget' does not contain a definition for 'Status' and no accessible extension method 'Status' accepting a first argument of type 'DeployTarget' could be found (are you missing a using directive or an assembly reference?) [C:\Users\ASUS\Desktop\Momogie\cekok\backend\src\Cekok.Api\Cekok.Api.csproj]
C:\Users\ASUS\Desktop\Momogie\cekok\backend\src\Cekok.Api\Program.cs(67,18): error CS1061: 'IServiceCollection' does not contain a definition for 'AddSwaggerGen' and no accessible extension method 'AddSwaggerGen' accepting a first argument of type 'IServiceCollection' could be found (are you missing a using directive or an assembly reference?) [C:\Users\ASUS\Desktop\Momogie\cekok\backend\src\Cekok.Api\Cekok.Api.csproj]
C:\Users\ASUS\Desktop\Momogie\cekok\backend\src\Cekok.Api\Program.cs(85,9): error CS1061: 'WebApplication' does not contain a definition for 'UseSwagger' and no accessible extension method 'UseSwagger' accepting a first argument of type 'WebApplication' could be found (are you missing a using directive or an assembly reference?) [C:\Users\ASUS\Desktop\Momogie\cekok\backend\src\Cekok.Api\Cekok.Api.csproj]
C:\Users\ASUS\Desktop\Momogie\cekok\backend\src\Cekok.Api\Program.cs(86,9): error CS1061: 'WebApplication' does not contain a definition for 'UseSwaggerUI' and no accessible extension method 'UseSwaggerUI' accepting a first argument of type 'WebApplication' could be found (are you missing a using directive or an assembly reference?) [C:\Users\ASUS\Desktop\Momogie\cekok\backend\src\Cekok.Api\Cekok.Api.csproj]

Build FAILED.
    3 Warning(s)
    6 Error(s)

Time Elapsed 00:00:02.48
